
  .   ____          _            __ _ _
 /\\ / ___'_ __ _ _(_)_ __  __ _ \ \ \ \
( ( )\___ | '_ | '_| | '_ \/ _` | \ \ \ \
 \\/  ___)| |_)| | | | | || (_| |  ) ) ) )
  '  |____| .__|_| |_|_| |_\__, | / / / /
 =========|_|==============|___/=/_/_/_/
 :: Spring Boot ::                (v3.2.5)

2026-04-21T00:47:37.693+08:00  INFO 19196 --- [provider-b] [           main] c.demo.providerb.ProviderBApplication    : Starting ProviderBApplication using Java 17.0.18 with PID 19196 (D:\Distributedworks\Distributed_homework\spring-cloud-nacos-demo\provider-b\target\provider-b-1.0.0.jar started by asus in D:\Distributedworks\Distributed_homework\spring-cloud-nacos-demo)
2026-04-21T00:47:37.701+08:00  INFO 19196 --- [provider-b] [           main] c.demo.providerb.ProviderBApplication    : No active profile set, falling back to 1 default profile: "default"
2026-04-21T00:47:37.777+08:00  INFO 19196 --- [provider-b] [           main] c.a.c.n.c.NacosConfigDataLoader          : [Nacos Config] Load config[dataId=provider-b.yaml, group=DEFAULT_GROUP] success
2026-04-21T00:47:39.477+08:00  INFO 19196 --- [provider-b] [           main] o.s.cloud.context.scope.GenericScope     : BeanFactory id=48cb9d0f-b0f9-3dde-9d46-9f66aa2f0425
2026-04-21T00:47:40.004+08:00  INFO 19196 --- [provider-b] [           main] o.s.b.w.embedded.tomcat.TomcatWebServer  : Tomcat initialized with port 19092 (http)
2026-04-21T00:47:40.030+08:00  INFO 19196 --- [provider-b] [           main] o.apache.catalina.core.StandardService   : Starting service [Tomcat]
2026-04-21T00:47:40.031+08:00  INFO 19196 --- [provider-b] [           main] o.apache.catalina.core.StandardEngine    : Starting Servlet engine: [Apache Tomcat/10.1.20]
2026-04-21T00:47:40.112+08:00  INFO 19196 --- [provider-b] [           main] o.a.c.c.C.[Tomcat].[localhost].[/]       : Initializing Spring embedded WebApplicationContext
2026-04-21T00:47:40.119+08:00  INFO 19196 --- [provider-b] [           main] w.s.c.ServletWebServerApplicationContext : Root WebApplicationContext: initialization completed in 2336 ms
2026-04-21T00:47:42.012+08:00  INFO 19196 --- [provider-b] [           main] o.s.b.a.e.web.EndpointLinksResolver      : Exposing 2 endpoint(s) beneath base path '/actuator'
2026-04-21T00:47:42.065+08:00  WARN 19196 --- [provider-b] [           main] ConfigServletWebServerApplicationContext : Exception encountered during context initialization - cancelling refresh attempt: org.springframework.context.ApplicationContextException: Failed to start bean 'webServerStartStop'
2026-04-21T00:47:42.089+08:00  INFO 19196 --- [provider-b] [           main] .s.b.a.l.ConditionEvaluationReportLogger : 

Error starting ApplicationContext. To display the condition evaluation report re-run your application with 'debug' enabled.
2026-04-21T00:47:42.113+08:00 ERROR 19196 --- [provider-b] [           main] o.s.b.d.LoggingFailureAnalysisReporter   : 

***************************
APPLICATION FAILED TO START
***************************

Description:

Web server failed to start. Port 19092 was already in use.

Action:

Identify and stop the process that's listening on port 19092 or configure this application to listen on another port.

2026-04-21T00:47:42.116+08:00  WARN 19196 --- [provider-b] [       Thread-1] c.a.n.common.http.HttpClientBeanHolder   : [HttpClientBeanHolder] Start destroying common HttpClient
2026-04-21T00:47:42.116+08:00  WARN 19196 --- [provider-b] [       Thread-3] c.a.nacos.common.notify.NotifyCenter     : [NotifyCenter] Start destroying Publisher
